[2026-05-12 09:43:33] [INFO]    [OmnipathR] Welcome to OmnipathR!
[2026-05-12 09:43:33] [TRACE]   [OmnipathR] Reading JSON from `C:\Users\matts\AppData\Local\Cache\OmnipathR/cache.json` (encoding: UTF-8).
[2026-05-12 09:43:33] [TRACE]   [OmnipathR] JSON validation successful: TRUE
[2026-05-12 09:43:33] [INFO]    [OmnipathR] Initialized cache: `C:\Users\matts\AppData\Local\Cache\OmnipathR`.
[2026-05-12 09:43:33] [TRACE]   [OmnipathR] Reading JSON from `C:/Users/matts/AppData/Local/R/win-library/4.4/OmnipathR/db/db_def.json` (encoding: UTF-8).
[2026-05-12 09:43:33] [TRACE]   [OmnipathR] JSON validation successful: TRUE
[2026-05-12 09:43:33] [TRACE]   [OmnipathR] Reading JSON from `C:/Users/matts/AppData/Local/R/win-library/4.4/OmnipathR/internal/magic_bytes.json` (encoding: UTF-8).
[2026-05-12 09:43:33] [TRACE]   [OmnipathR] JSON validation successful: TRUE
[2026-05-12 09:43:33] [TRACE]   [OmnipathR] Reading JSON from `C:/Users/matts/AppData/Local/R/win-library/4.4/OmnipathR/internal/urls.json` (encoding: UTF-8).
[2026-05-12 09:43:33] [TRACE]   [OmnipathR] JSON validation successful: TRUE
[2026-05-12 09:43:33] [TRACE]   [OmnipathR] Reading JSON from `C:/Users/matts/AppData/Local/R/win-library/4.4/OmnipathR/internal/id_types.json` (encoding: UTF-8).
[2026-05-12 09:43:33] [TRACE]   [OmnipathR] JSON validation successful: TRUE
[2026-05-12 09:43:33] [INFO]    [OmnipathR] Loading database `Ensembl and OMA organism names`.
[2026-05-12 09:43:33] [INFO]    [OmnipathR] Looking up in cache `https://www.ensembl.org/info/about/species.html`: key=7332486db7400730697234bad76ca0c8e4d00799, latest version=1.
[2026-05-12 09:43:33] [TRACE]   [OmnipathR] Cache file path: C:\Users\matts\AppData\Local\Cache\OmnipathR/7332486db7400730697234bad76ca0c8e4d00799-1.html
[2026-05-12 09:43:34] [TRACE]   [OmnipathR] Looking up in cache: `https://omabrowser.org/All/oma-species.txt`.
[2026-05-12 09:43:34] [TRACE]   [OmnipathR] Loaded data from RDS `C:\Users\matts\AppData\Local\Cache\OmnipathR/30e690cbb55dfc63b5903ab337f34ffc2f4be397-1.rds`.
[2026-05-12 09:43:34] [INFO]    [OmnipathR] Loaded database `Ensembl and OMA organism names`.
[2026-05-12 09:43:34] [TRACE]   [OmnipathR] Looking up in cache: `https://omnipathdb.org/interactions?genesymbols=yes&datasets=collectri&organisms=9606&dorothea_levels=A,B&fields=evidences,sources,references,curation_effort&loops=yes&license=academic`
[2026-05-12 09:43:34] [INFO]    [OmnipathR] Cache record does not exist: `https://omnipathdb.org/interactions?genesymbols=yes&datasets=collectri&organisms=9606&dorothea_levels=A,B&fields=evidences,sources,references,curation_effort&loops=yes&license=academic`
[2026-05-12 09:43:34] [TRACE]   [OmnipathR] Looking up in cache: `http://no-tls.omnipathdb.org/interactions?genesymbols=yes&datasets=collectri&organisms=9606&dorothea_levels=A,B&fields=evidences,sources,references,curation_effort&loops=yes&license=academic`
[2026-05-12 09:43:34] [INFO]    [OmnipathR] Cache record does not exist: `http://no-tls.omnipathdb.org/interactions?genesymbols=yes&datasets=collectri&organisms=9606&dorothea_levels=A,B&fields=evidences,sources,references,curation_effort&loops=yes&license=academic`
[2026-05-12 09:43:34] [TRACE]   [OmnipathR] Attempting `https://omnipathdb.org/interactions?genesymbols=yes&datasets=collectri&organisms=9606&dorothea_levels=A,B&fields=evidences,sources,references,curation_effort&loops=yes&license=academic`
[2026-05-12 09:43:34] [INFO]    [OmnipathR] Retrieving URL: `https://omnipathdb.org/interactions?genesymbols=yes&datasets=collectri&organisms=9606&dorothea_levels=A,B&fields=evidences,sources,references,curation_effort&loops=yes&license=academic`
[2026-05-12 09:43:34] [TRACE]   [OmnipathR] Attempt 1/3: `https://omnipathdb.org/interactions?genesymbols=yes&datasets=collectri&organisms=9606&dorothea_levels=A,B&fields=evidences,sources,references,curation_effort&loops=yes&license=academic`
[2026-05-12 09:43:36] [INFO]    [OmnipathR] Successfully retrieved: `https://omnipathdb.org/interactions?genesymbols=yes&datasets=collectri&organisms=9606&dorothea_levels=A,B&fields=evidences,sources,references,curation_effort&loops=yes&license=academic`
[2026-05-12 09:43:36] [TRACE]   [OmnipathR] Reading JSON from `C:\Users\matts\AppData\Local\Cache\OmnipathR/cache.json` (encoding: UTF-8).
[2026-05-12 09:43:36] [TRACE]   [OmnipathR] JSON validation successful: TRUE
[2026-05-12 09:43:36] [TRACE]   [OmnipathR] Reading JSON from `C:\Users\matts\AppData\Local\Cache\OmnipathR/cache.json` (encoding: UTF-8).
[2026-05-12 09:43:36] [TRACE]   [OmnipathR] JSON validation successful: TRUE
[2026-05-12 09:43:36] [INFO]    [OmnipathR] Cache item `82abc02990e13a4b0186ba97e7e04cb7c5c780b2` version 1: status changed from `unknown` to `started`.
[2026-05-12 09:43:36] [TRACE]   [OmnipathR] Exporting object to RDS: `C:\Users\matts\AppData\Local\Cache\OmnipathR/82abc02990e13a4b0186ba97e7e04cb7c5c780b2-1.rds`.
[2026-05-12 09:43:37] [TRACE]   [OmnipathR] Exported RDS to `C:\Users\matts\AppData\Local\Cache\OmnipathR/82abc02990e13a4b0186ba97e7e04cb7c5c780b2-1.rds`.
[2026-05-12 09:43:37] [INFO]    [OmnipathR] Download ready [key=82abc02990e13a4b0186ba97e7e04cb7c5c780b2, version=1]
[2026-05-12 09:43:37] [TRACE]   [OmnipathR] Reading JSON from `C:\Users\matts\AppData\Local\Cache\OmnipathR/cache.json` (encoding: UTF-8).
[2026-05-12 09:43:37] [TRACE]   [OmnipathR] JSON validation successful: TRUE
[2026-05-12 09:43:37] [INFO]    [OmnipathR] Cache item `82abc02990e13a4b0186ba97e7e04cb7c5c780b2` version 1: status changed from `started` to `ready`.
[2026-05-12 09:43:37] [TRACE]   [OmnipathR] Converting JSON column `evidences` to list.
[2026-05-12 09:43:41] [TRACE]   [OmnipathR] Restricting interaction records to datasets: collectri; and resources: any
[2026-05-12 09:43:45] [TRACE]   [OmnipathR] Filtering evidence columns: positive, negative, directed, undirected; to datasets: collectri; and resources: any; excluding resources: none
[2026-05-12 09:44:58] [SUCCESS] [OmnipathR] Downloaded 64979 interactions.
[2026-05-12 09:44:58] [TRACE]   [OmnipathR] Reading JSON from `https://omnipathdb.org/resources` (encoding: UTF-8).
[2026-05-12 09:44:58] [TRACE]   [OmnipathR] JSON validation successful: TRUE
[2026-05-12 09:44:58] [TRACE]   [OmnipathR] Looking up in cache: `https://omnipathdb.org/interactions?genesymbols=yes&resources=CollecTRI&datasets=tf_mirna&organisms=9606&fields=evidences,sources,references,curation_effort&license=academic`
[2026-05-12 09:44:58] [INFO]    [OmnipathR] Cache record does not exist: `https://omnipathdb.org/interactions?genesymbols=yes&resources=CollecTRI&datasets=tf_mirna&organisms=9606&fields=evidences,sources,references,curation_effort&license=academic`
[2026-05-12 09:44:58] [TRACE]   [OmnipathR] Looking up in cache: `http://no-tls.omnipathdb.org/interactions?genesymbols=yes&resources=CollecTRI&datasets=tf_mirna&organisms=9606&fields=evidences,sources,references,curation_effort&license=academic`
[2026-05-12 09:44:58] [INFO]    [OmnipathR] Cache record does not exist: `http://no-tls.omnipathdb.org/interactions?genesymbols=yes&resources=CollecTRI&datasets=tf_mirna&organisms=9606&fields=evidences,sources,references,curation_effort&license=academic`
[2026-05-12 09:44:58] [TRACE]   [OmnipathR] Attempting `https://omnipathdb.org/interactions?genesymbols=yes&resources=CollecTRI&datasets=tf_mirna&organisms=9606&fields=evidences,sources,references,curation_effort&license=academic`
[2026-05-12 09:44:58] [INFO]    [OmnipathR] Retrieving URL: `https://omnipathdb.org/interactions?genesymbols=yes&resources=CollecTRI&datasets=tf_mirna&organisms=9606&fields=evidences,sources,references,curation_effort&license=academic`
[2026-05-12 09:44:58] [TRACE]   [OmnipathR] Attempt 1/3: `https://omnipathdb.org/interactions?genesymbols=yes&resources=CollecTRI&datasets=tf_mirna&organisms=9606&fields=evidences,sources,references,curation_effort&license=academic`
[2026-05-12 09:44:58] [INFO]    [OmnipathR] Successfully retrieved: `https://omnipathdb.org/interactions?genesymbols=yes&resources=CollecTRI&datasets=tf_mirna&organisms=9606&fields=evidences,sources,references,curation_effort&license=academic`
[2026-05-12 09:44:58] [TRACE]   [OmnipathR] Reading JSON from `C:\Users\matts\AppData\Local\Cache\OmnipathR/cache.json` (encoding: UTF-8).
[2026-05-12 09:44:58] [TRACE]   [OmnipathR] JSON validation successful: TRUE
[2026-05-12 09:44:58] [TRACE]   [OmnipathR] Reading JSON from `C:\Users\matts\AppData\Local\Cache\OmnipathR/cache.json` (encoding: UTF-8).
[2026-05-12 09:44:58] [TRACE]   [OmnipathR] JSON validation successful: TRUE
[2026-05-12 09:44:58] [INFO]    [OmnipathR] Cache item `f7d34500401ba98803b7d2b26c48f64cee1eea1b` version 1: status changed from `unknown` to `started`.
[2026-05-12 09:44:58] [TRACE]   [OmnipathR] Exporting object to RDS: `C:\Users\matts\AppData\Local\Cache\OmnipathR/f7d34500401ba98803b7d2b26c48f64cee1eea1b-1.rds`.
[2026-05-12 09:44:58] [TRACE]   [OmnipathR] Exported RDS to `C:\Users\matts\AppData\Local\Cache\OmnipathR/f7d34500401ba98803b7d2b26c48f64cee1eea1b-1.rds`.
[2026-05-12 09:44:58] [INFO]    [OmnipathR] Download ready [key=f7d34500401ba98803b7d2b26c48f64cee1eea1b, version=1]
[2026-05-12 09:44:58] [TRACE]   [OmnipathR] Reading JSON from `C:\Users\matts\AppData\Local\Cache\OmnipathR/cache.json` (encoding: UTF-8).
[2026-05-12 09:44:58] [TRACE]   [OmnipathR] JSON validation successful: TRUE
[2026-05-12 09:44:58] [INFO]    [OmnipathR] Cache item `f7d34500401ba98803b7d2b26c48f64cee1eea1b` version 1: status changed from `started` to `ready`.
[2026-05-12 09:44:58] [TRACE]   [OmnipathR] Converting JSON column `evidences` to list.
[2026-05-12 09:44:58] [TRACE]   [OmnipathR] Restricting interaction records to datasets: tf_mirna; and resources: CollecTRI
[2026-05-12 09:44:58] [TRACE]   [OmnipathR] Filtering evidence columns: positive, negative, directed, undirected; to datasets: tf_mirna; and resources: CollecTRI; excluding resources: none
[2026-05-12 09:44:59] [SUCCESS] [OmnipathR] Downloaded 207 interactions.
